\BOOKMARK [1][-]{section.1}{Introduction}{}% 1
\BOOKMARK [1][-]{section.2}{Theory}{}% 2
\BOOKMARK [2][-]{subsection.2.1}{Fractal dimension}{section.2}% 3
\BOOKMARK [1][-]{section.3}{Method}{}% 4
\BOOKMARK [2][-]{subsection.3.1}{On-lattice DLA}{section.3}% 5
\BOOKMARK [2][-]{subsection.3.2}{Off-lattice DLA}{section.3}% 6
\BOOKMARK [1][-]{section.4}{Results}{}% 7
\BOOKMARK [1][-]{appendix.A}{References}{}% 8
